// Jest Snapshot v1, https://goo.gl/fbAQLP

exports[`testing OffersMap render OffersMap is render correctly 1`] = `
<div
  id="map"
  style={
    Object {
      "height": 823,
    }
  }
/>
`;
