// Jest Snapshot v1, https://goo.gl/fbAQLP

exports[`testing App render App is render correctly 1`] = `<div />`;
